// Jest Snapshot v1, https://goo.gl/fbAQLP

exports[`<Layout /> Component should render without crashing 1`] = `
<WithStyles(ForwardRef(Grid))
  container={true}
>
  <WithStyles(ForwardRef(Grid))
    item={true}
    lg={2}
    md={2}
    sm={2}
    xs={12}
  >
    <SideBar />
  </WithStyles(ForwardRef(Grid))>
  <WithStyles(ForwardRef(Grid))
    className="makeStyles-root-1"
    item={true}
    lg={10}
    md={10}
    sm={10}
    xs={12}
  />
</WithStyles(ForwardRef(Grid))>
`;
